Archive member included to satisfy reference by file (symbol)

c:/intelfpga_lite/18.1/nios2eds/bin/gnu/h-x86_64-mingw32/bin/../lib/gcc/nios2-elf/5.3.0/mno-hw-mul\libgcc.a(lib2-mul.o)
                              obj/default/hello_world_small.o (__mulsi3)
../nios_1_bsp/\libhal_bsp.a(alt_load.o)
                              ../nios_1_bsp//obj/HAL/src/crt0.o (alt_load)
../nios_1_bsp/\libhal_bsp.a(alt_main.o)
                              ../nios_1_bsp//obj/HAL/src/crt0.o (alt_main)
../nios_1_bsp/\libhal_bsp.a(alt_usleep.o)
                              obj/default/hello_world_small.o (usleep)
../nios_1_bsp/\libhal_bsp.a(alt_sys_init.o)
                              ../nios_1_bsp/\libhal_bsp.a(alt_main.o) (alt_irq_init)
../nios_1_bsp/\libhal_bsp.a(alt_busy_sleep.o)
                              ../nios_1_bsp/\libhal_bsp.a(alt_usleep.o) (alt_busy_sleep)
../nios_1_bsp/\libhal_bsp.a(alt_dcache_flush_all.o)
                              ../nios_1_bsp/\libhal_bsp.a(alt_load.o) (alt_dcache_flush_all)
../nios_1_bsp/\libhal_bsp.a(alt_icache_flush_all.o)
                              ../nios_1_bsp/\libhal_bsp.a(alt_load.o) (alt_icache_flush_all)
../nios_1_bsp/\libhal_bsp.a(altera_nios2_gen2_irq.o)
                              ../nios_1_bsp/\libhal_bsp.a(alt_sys_init.o) (altera_nios2_gen2_irq_init)
c:/intelfpga_lite/18.1/nios2eds/bin/gnu/h-x86_64-mingw32/bin/../lib/gcc/nios2-elf/5.3.0/mno-hw-mul\libgcc.a(lib2-divmod.o)
                              ../nios_1_bsp/\libhal_bsp.a(alt_busy_sleep.o) (__udivsi3)

Memory Configuration

Name             Origin             Length             Attributes
reset            0x0000000000008000 0x0000000000000020
memory           0x0000000000008020 0x0000000000005300
*default*        0x0000000000000000 0xffffffffffffffff

Linker script and memory map

LOAD ../nios_1_bsp//obj/HAL/src/crt0.o
LOAD obj/default/hello_world_small.o
LOAD c:/intelfpga_lite/18.1/nios2eds/bin/gnu/h-x86_64-mingw32/bin/../lib/gcc/nios2-elf/5.3.0/../../../../../H-x86_64-mingw32/nios2-elf/lib/mno-hw-mul\libstdc++.a
LOAD c:/intelfpga_lite/18.1/nios2eds/bin/gnu/h-x86_64-mingw32/bin/../lib/gcc/nios2-elf/5.3.0/../../../../../H-x86_64-mingw32/nios2-elf/lib/mno-hw-mul\libm.a
LOAD c:/intelfpga_lite/18.1/nios2eds/bin/gnu/h-x86_64-mingw32/bin/../lib/gcc/nios2-elf/5.3.0/mno-hw-mul\libgcc.a
START GROUP
LOAD c:/intelfpga_lite/18.1/nios2eds/bin/gnu/h-x86_64-mingw32/bin/../lib/gcc/nios2-elf/5.3.0/../../../../../H-x86_64-mingw32/nios2-elf/lib/mno-hw-mul\libsmallc.a
LOAD c:/intelfpga_lite/18.1/nios2eds/bin/gnu/h-x86_64-mingw32/bin/../lib/gcc/nios2-elf/5.3.0/mno-hw-mul\libgcc.a
LOAD ../nios_1_bsp/\libhal_bsp.a
LOAD c:/intelfpga_lite/18.1/nios2eds/bin/gnu/h-x86_64-mingw32/bin/../lib/gcc/nios2-elf/5.3.0/../../../../../H-x86_64-mingw32/nios2-elf/lib/mno-hw-mul\libm.a
END GROUP
LOAD c:/intelfpga_lite/18.1/nios2eds/bin/gnu/h-x86_64-mingw32/bin/../lib/gcc/nios2-elf/5.3.0/mno-hw-mul\libgcc.a
                0x0000000000008000                __alt_mem_memory = 0x8000

.entry          0x0000000000008000       0x20
 *(.entry)
 .entry         0x0000000000008000       0x20 ../nios_1_bsp//obj/HAL/src/crt0.o
                0x0000000000008000                __reset
                0x000000000000800c                _exit

.exceptions     0x0000000000008020        0x0
                0x0000000000008020                PROVIDE (__ram_exceptions_start, ABSOLUTE (.))
                0x0000000000008020                . = ALIGN (0x20)
 *(.irq)
 *(.exceptions.entry.label)
 *(.exceptions.entry.user)
 *(.exceptions.entry.ecc_fatal)
 *(.exceptions.entry)
 *(.exceptions.irqtest.user)
 *(.exceptions.irqtest)
 *(.exceptions.irqhandler.user)
 *(.exceptions.irqhandler)
 *(.exceptions.irqreturn.user)
 *(.exceptions.irqreturn)
 *(.exceptions.notirq.label)
 *(.exceptions.notirq.user)
 *(.exceptions.notirq)
 *(.exceptions.soft.user)
 *(.exceptions.soft)
 *(.exceptions.unknown.user)
 *(.exceptions.unknown)
 *(.exceptions.exit.label)
 *(.exceptions.exit.user)
 *(.exceptions.exit)
 *(.exceptions)
                0x0000000000008020                PROVIDE (__ram_exceptions_end, ABSOLUTE (.))
                0x0000000000008020                PROVIDE (__flash_exceptions_start, LOADADDR (.exceptions))

.text           0x0000000000008020      0x7b4
                [!provide]                        PROVIDE (stext, ABSOLUTE (.))
 *(.interp)
 *(.hash)
 *(.dynsym)
 *(.dynstr)
 *(.gnu.version)
 *(.gnu.version_d)
 *(.gnu.version_r)
 *(.rel.init)
 *(.rela.init)
 *(.rel.text .rel.text.* .rel.gnu.linkonce.t.*)
 *(.rela.text .rela.text.* .rela.gnu.linkonce.t.*)
 *(.rel.fini)
 *(.rela.fini)
 *(.rel.rodata .rel.rodata.* .rel.gnu.linkonce.r.*)
 *(.rela.rodata .rela.rodata.* .rela.gnu.linkonce.r.*)
 *(.rel.data .rel.data.* .rel.gnu.linkonce.d.*)
 *(.rela.data .rela.data.* .rela.gnu.linkonce.d.*)
 *(.rel.tdata .rel.tdata.* .rel.gnu.linkonce.td.*)
 *(.rela.tdata .rela.tdata.* .rela.gnu.linkonce.td.*)
 *(.rel.tbss .rel.tbss.* .rel.gnu.linkonce.tb.*)
 *(.rela.tbss .rela.tbss.* .rela.gnu.linkonce.tb.*)
 *(.rel.ctors)
 *(.rela.ctors)
 *(.rel.dtors)
 *(.rela.dtors)
 *(.rel.got)
 *(.rela.got)
 *(.rel.sdata .rel.sdata.* .rel.gnu.linkonce.s.*)
 *(.rela.sdata .rela.sdata.* .rela.gnu.linkonce.s.*)
 *(.rel.sbss .rel.sbss.* .rel.gnu.linkonce.sb.*)
 *(.rela.sbss .rela.sbss.* .rela.gnu.linkonce.sb.*)
 *(.rel.sdata2 .rel.sdata2.* .rel.gnu.linkonce.s2.*)
 *(.rela.sdata2 .rela.sdata2.* .rela.gnu.linkonce.s2.*)
 *(.rel.sbss2 .rel.sbss2.* .rel.gnu.linkonce.sb2.*)
 *(.rela.sbss2 .rela.sbss2.* .rela.gnu.linkonce.sb2.*)
 *(.rel.bss .rel.bss.* .rel.gnu.linkonce.b.*)
 *(.rela.bss .rela.bss.* .rela.gnu.linkonce.b.*)
 *(.rel.plt)
 *(.rela.plt)
 *(.rel.dyn)
 *(.init)
 *(.plt)
 *(.text .stub .text.* .gnu.linkonce.t.*)
 .text          0x0000000000008020       0x3c ../nios_1_bsp//obj/HAL/src/crt0.o
                0x0000000000008020                _start
 .text          0x000000000000805c      0x30c obj/default/hello_world_small.o
                0x000000000000805c                initialize_Lcd
                0x000000000000811c                point
                0x0000000000008174                imprime
                0x0000000000008204                onLed
                0x000000000000826c                onMessage
                0x00000000000082f0                onMessageSelected
 .text.startup  0x0000000000008368       0xc4 obj/default/hello_world_small.o
                0x0000000000008368                main
 .text          0x000000000000842c       0x28 c:/intelfpga_lite/18.1/nios2eds/bin/gnu/h-x86_64-mingw32/bin/../lib/gcc/nios2-elf/5.3.0/mno-hw-mul\libgcc.a(lib2-mul.o)
                0x000000000000842c                __mulsi3
 .text          0x0000000000008454       0xe0 ../nios_1_bsp/\libhal_bsp.a(alt_load.o)
                0x0000000000008454                alt_load
 .text          0x0000000000008534       0x2c ../nios_1_bsp/\libhal_bsp.a(alt_main.o)
                0x0000000000008534                alt_main
 .text          0x0000000000008560        0x4 ../nios_1_bsp/\libhal_bsp.a(alt_usleep.o)
                0x0000000000008560                usleep
 .text          0x0000000000008564       0x24 ../nios_1_bsp/\libhal_bsp.a(alt_sys_init.o)
                0x0000000000008564                alt_irq_init
                0x0000000000008584                alt_sys_init
 .text          0x0000000000008588       0x88 ../nios_1_bsp/\libhal_bsp.a(alt_busy_sleep.o)
                0x0000000000008588                alt_busy_sleep
 .text          0x0000000000008610        0x4 ../nios_1_bsp/\libhal_bsp.a(alt_dcache_flush_all.o)
                0x0000000000008610                alt_dcache_flush_all
 .text          0x0000000000008614        0x4 ../nios_1_bsp/\libhal_bsp.a(alt_icache_flush_all.o)
                0x0000000000008614                alt_icache_flush_all
 .text          0x0000000000008618        0x8 ../nios_1_bsp/\libhal_bsp.a(altera_nios2_gen2_irq.o)
                0x0000000000008618                altera_nios2_gen2_irq_init
 .text          0x0000000000008620      0x1b4 c:/intelfpga_lite/18.1/nios2eds/bin/gnu/h-x86_64-mingw32/bin/../lib/gcc/nios2-elf/5.3.0/mno-hw-mul\libgcc.a(lib2-divmod.o)
                0x0000000000008620                __divsi3
                0x00000000000086a4                __modsi3
                0x0000000000008718                __udivsi3
                0x000000000000877c                __umodsi3
 *(.gnu.warning.*)
 *(.fini)
                [!provide]                        PROVIDE (__etext, ABSOLUTE (.))
                [!provide]                        PROVIDE (_etext, ABSOLUTE (.))
                [!provide]                        PROVIDE (etext, ABSOLUTE (.))
 *(.eh_frame_hdr)
                0x00000000000087d4                . = ALIGN (0x4)
                [!provide]                        PROVIDE (__preinit_array_start, ABSOLUTE (.))
 *(.preinit_array)
                [!provide]                        PROVIDE (__preinit_array_end, ABSOLUTE (.))
                [!provide]                        PROVIDE (__init_array_start, ABSOLUTE (.))
 *(.init_array)
                [!provide]                        PROVIDE (__init_array_end, ABSOLUTE (.))
                [!provide]                        PROVIDE (__fini_array_start, ABSOLUTE (.))
 *(.fini_array)
                [!provide]                        PROVIDE (__fini_array_end, ABSOLUTE (.))
 *(.eh_frame)
 *(.gcc_except_table .gcc_except_table.*)
 *(.dynamic)
                [!provide]                        PROVIDE (__CTOR_LIST__, ABSOLUTE (.))
 *(.ctors)
 *(SORT(.ctors.*))
                [!provide]                        PROVIDE (__CTOR_END__, ABSOLUTE (.))
                [!provide]                        PROVIDE (__DTOR_LIST__, ABSOLUTE (.))
 *(.dtors)
 *(SORT(.dtors.*))
                [!provide]                        PROVIDE (__DTOR_END__, ABSOLUTE (.))
 *(.jcr)
                0x00000000000087d4                . = ALIGN (0x4)

.rodata         0x00000000000087d4        0x0
                0x00000000000087d4                PROVIDE (__ram_rodata_start, ABSOLUTE (.))
                0x00000000000087d4                . = ALIGN (0x4)
 *(.rodata .rodata.* .gnu.linkonce.r.*)
 *(.rodata1)
                0x00000000000087d4                . = ALIGN (0x4)
                0x00000000000087d4                PROVIDE (__ram_rodata_end, ABSOLUTE (.))
                0x00000000000087d4                PROVIDE (__flash_rodata_start, LOADADDR (.rodata))

.rwdata         0x00000000000087d4       0x60 load address 0x0000000000008834
                0x00000000000087d4                PROVIDE (__ram_rwdata_start, ABSOLUTE (.))
                0x00000000000087d4                . = ALIGN (0x4)
 *(.got.plt)
 *(.got)
 *(.data1)
 *(.data .data.* .gnu.linkonce.d.*)
 .data          0x00000000000087d4        0x0 ../nios_1_bsp//obj/HAL/src/crt0.o
 .data          0x00000000000087d4       0x51 obj/default/hello_world_small.o
                0x00000000000087d4                answer5
                0x00000000000087dd                answer4
                0x00000000000087e6                answer3
                0x00000000000087ef                answer2
                0x00000000000087f8                answer1
                0x0000000000008801                opcao5
                0x000000000000880a                opcao4
                0x0000000000008813                opcao2
                0x000000000000881c                opcao1
 .data          0x0000000000008825        0x0 c:/intelfpga_lite/18.1/nios2eds/bin/gnu/h-x86_64-mingw32/bin/../lib/gcc/nios2-elf/5.3.0/mno-hw-mul\libgcc.a(lib2-mul.o)
 .data          0x0000000000008825        0x0 ../nios_1_bsp/\libhal_bsp.a(alt_load.o)
 .data          0x0000000000008825        0x0 ../nios_1_bsp/\libhal_bsp.a(alt_main.o)
 .data          0x0000000000008825        0x0 ../nios_1_bsp/\libhal_bsp.a(alt_usleep.o)
 .data          0x0000000000008825        0x0 ../nios_1_bsp/\libhal_bsp.a(alt_sys_init.o)
 .data          0x0000000000008825        0x0 ../nios_1_bsp/\libhal_bsp.a(alt_busy_sleep.o)
 .data          0x0000000000008825        0x0 ../nios_1_bsp/\libhal_bsp.a(alt_dcache_flush_all.o)
 .data          0x0000000000008825        0x0 ../nios_1_bsp/\libhal_bsp.a(alt_icache_flush_all.o)
 .data          0x0000000000008825        0x0 ../nios_1_bsp/\libhal_bsp.a(altera_nios2_gen2_irq.o)
 .data          0x0000000000008825        0x0 c:/intelfpga_lite/18.1/nios2eds/bin/gnu/h-x86_64-mingw32/bin/../lib/gcc/nios2-elf/5.3.0/mno-hw-mul\libgcc.a(lib2-divmod.o)
                0x0000000000010825                _gp = ABSOLUTE ((. + 0x8000))
                [!provide]                        PROVIDE (gp, _gp)
 *(.rwdata .rwdata.*)
 *(.sdata .sdata.* .gnu.linkonce.s.*)
 .sdata         0x0000000000008825        0x8 obj/default/hello_world_small.o
                0x0000000000008825                opcao3
 *fill*         0x000000000000882d        0x3 
 .sdata         0x0000000000008830        0x4 ../nios_1_bsp/\libhal_bsp.a(alt_sys_init.o)
                0x0000000000008830                jtag
 *(.sdata2 .sdata2.* .gnu.linkonce.s2.*)
                0x0000000000008834                . = ALIGN (0x4)
                0x0000000000008834                _edata = ABSOLUTE (.)
                [!provide]                        PROVIDE (edata, ABSOLUTE (.))
                0x0000000000008834                PROVIDE (__ram_rwdata_end, ABSOLUTE (.))
                0x0000000000008834                PROVIDE (__flash_rwdata_start, LOADADDR (.rwdata))

.bss            0x0000000000008894        0xc
                0x0000000000008894                __bss_start = ABSOLUTE (.)
                [!provide]                        PROVIDE (__sbss_start, ABSOLUTE (.))
                [!provide]                        PROVIDE (___sbss_start, ABSOLUTE (.))
 *(.dynsbss)
 *(.sbss .sbss.* .gnu.linkonce.sb.*)
 .sbss          0x0000000000008894        0xc ../nios_1_bsp/\libhal_bsp.a(alt_main.o)
                0x0000000000008894                alt_envp
                0x0000000000008898                alt_argv
                0x000000000000889c                alt_argc
 *(.sbss2 .sbss2.* .gnu.linkonce.sb2.*)
 *(.scommon)
                [!provide]                        PROVIDE (__sbss_end, ABSOLUTE (.))
                [!provide]                        PROVIDE (___sbss_end, ABSOLUTE (.))
 *(.dynbss)
 *(.bss .bss.* .gnu.linkonce.b.*)
 .bss           0x00000000000088a0        0x0 ../nios_1_bsp//obj/HAL/src/crt0.o
 .bss           0x00000000000088a0        0x0 obj/default/hello_world_small.o
 .bss           0x00000000000088a0        0x0 c:/intelfpga_lite/18.1/nios2eds/bin/gnu/h-x86_64-mingw32/bin/../lib/gcc/nios2-elf/5.3.0/mno-hw-mul\libgcc.a(lib2-mul.o)
 .bss           0x00000000000088a0        0x0 ../nios_1_bsp/\libhal_bsp.a(alt_load.o)
 .bss           0x00000000000088a0        0x0 ../nios_1_bsp/\libhal_bsp.a(alt_main.o)
 .bss           0x00000000000088a0        0x0 ../nios_1_bsp/\libhal_bsp.a(alt_usleep.o)
 .bss           0x00000000000088a0        0x0 ../nios_1_bsp/\libhal_bsp.a(alt_sys_init.o)
 .bss           0x00000000000088a0        0x0 ../nios_1_bsp/\libhal_bsp.a(alt_busy_sleep.o)
 .bss           0x00000000000088a0        0x0 ../nios_1_bsp/\libhal_bsp.a(alt_dcache_flush_all.o)
 .bss           0x00000000000088a0        0x0 ../nios_1_bsp/\libhal_bsp.a(alt_icache_flush_all.o)
 .bss           0x00000000000088a0        0x0 ../nios_1_bsp/\libhal_bsp.a(altera_nios2_gen2_irq.o)
 .bss           0x00000000000088a0        0x0 c:/intelfpga_lite/18.1/nios2eds/bin/gnu/h-x86_64-mingw32/bin/../lib/gcc/nios2-elf/5.3.0/mno-hw-mul\libgcc.a(lib2-divmod.o)
 *(COMMON)
                0x00000000000088a0                . = ALIGN (0x4)
                0x00000000000088a0                __bss_end = ABSOLUTE (.)

.memory         0x00000000000088a0        0x0
                [!provide]                        PROVIDE (_alt_partition_memory_start, ABSOLUTE (.))
 *(.memory .memory. memory.*)
                0x00000000000088a0                . = ALIGN (0x4)
                [!provide]                        PROVIDE (_alt_partition_memory_end, ABSOLUTE (.))
                0x00000000000088a0                _end = ABSOLUTE (.)
                0x00000000000088a0                end = ABSOLUTE (.)
                0x00000000000088a0                __alt_stack_base = ABSOLUTE (.)
                [!provide]                        PROVIDE (_alt_partition_memory_load_addr, LOADADDR (.memory))

.stab
 *(.stab)

.stabstr
 *(.stabstr)

.stab.excl
 *(.stab.excl)

.stab.exclstr
 *(.stab.exclstr)

.stab.index
 *(.stab.index)

.stab.indexstr
 *(.stab.indexstr)

.comment        0x0000000000000000       0x23
 *(.comment)
 .comment       0x0000000000000000       0x23 obj/default/hello_world_small.o
                                         0x24 (size before relaxing)
 .comment       0x0000000000000023       0x24 c:/intelfpga_lite/18.1/nios2eds/bin/gnu/h-x86_64-mingw32/bin/../lib/gcc/nios2-elf/5.3.0/mno-hw-mul\libgcc.a(lib2-mul.o)
 .comment       0x0000000000000023       0x24 ../nios_1_bsp/\libhal_bsp.a(alt_load.o)
 .comment       0x0000000000000023       0x24 ../nios_1_bsp/\libhal_bsp.a(alt_main.o)
 .comment       0x0000000000000023       0x24 ../nios_1_bsp/\libhal_bsp.a(alt_usleep.o)
 .comment       0x0000000000000023       0x24 ../nios_1_bsp/\libhal_bsp.a(alt_sys_init.o)
 .comment       0x0000000000000023       0x24 ../nios_1_bsp/\libhal_bsp.a(alt_busy_sleep.o)
 .comment       0x0000000000000023       0x24 ../nios_1_bsp/\libhal_bsp.a(alt_dcache_flush_all.o)
 .comment       0x0000000000000023       0x24 ../nios_1_bsp/\libhal_bsp.a(alt_icache_flush_all.o)
 .comment       0x0000000000000023       0x24 ../nios_1_bsp/\libhal_bsp.a(altera_nios2_gen2_irq.o)
 .comment       0x0000000000000023       0x24 c:/intelfpga_lite/18.1/nios2eds/bin/gnu/h-x86_64-mingw32/bin/../lib/gcc/nios2-elf/5.3.0/mno-hw-mul\libgcc.a(lib2-divmod.o)

.debug
 *(.debug)

.line
 *(.line)

.debug_srcinfo
 *(.debug_srcinfo)

.debug_sfnames
 *(.debug_sfnames)

.debug_aranges  0x0000000000000000      0x190
 *(.debug_aranges)
 .debug_aranges
                0x0000000000000000       0x28 ../nios_1_bsp//obj/HAL/src/crt0.o
 .debug_aranges
                0x0000000000000028       0x28 obj/default/hello_world_small.o
 .debug_aranges
                0x0000000000000050       0x20 c:/intelfpga_lite/18.1/nios2eds/bin/gnu/h-x86_64-mingw32/bin/../lib/gcc/nios2-elf/5.3.0/mno-hw-mul\libgcc.a(lib2-mul.o)
 .debug_aranges
                0x0000000000000070       0x20 ../nios_1_bsp/\libhal_bsp.a(alt_load.o)
 .debug_aranges
                0x0000000000000090       0x20 ../nios_1_bsp/\libhal_bsp.a(alt_main.o)
 .debug_aranges
                0x00000000000000b0       0x20 ../nios_1_bsp/\libhal_bsp.a(alt_usleep.o)
 .debug_aranges
                0x00000000000000d0       0x20 ../nios_1_bsp/\libhal_bsp.a(alt_sys_init.o)
 .debug_aranges
                0x00000000000000f0       0x20 ../nios_1_bsp/\libhal_bsp.a(alt_busy_sleep.o)
 .debug_aranges
                0x0000000000000110       0x20 ../nios_1_bsp/\libhal_bsp.a(alt_dcache_flush_all.o)
 .debug_aranges
                0x0000000000000130       0x20 ../nios_1_bsp/\libhal_bsp.a(alt_icache_flush_all.o)
 .debug_aranges
                0x0000000000000150       0x20 ../nios_1_bsp/\libhal_bsp.a(altera_nios2_gen2_irq.o)
 .debug_aranges
                0x0000000000000170       0x20 c:/intelfpga_lite/18.1/nios2eds/bin/gnu/h-x86_64-mingw32/bin/../lib/gcc/nios2-elf/5.3.0/mno-hw-mul\libgcc.a(lib2-divmod.o)

.debug_pubnames
 *(.debug_pubnames)

.debug_info     0x0000000000000000     0x10cb
 *(.debug_info .gnu.linkonce.wi.*)
 .debug_info    0x0000000000000000       0x7f ../nios_1_bsp//obj/HAL/src/crt0.o
 .debug_info    0x000000000000007f      0x4bc obj/default/hello_world_small.o
 .debug_info    0x000000000000053b       0xb4 c:/intelfpga_lite/18.1/nios2eds/bin/gnu/h-x86_64-mingw32/bin/../lib/gcc/nios2-elf/5.3.0/mno-hw-mul\libgcc.a(lib2-mul.o)
 .debug_info    0x00000000000005ef      0x1c9 ../nios_1_bsp/\libhal_bsp.a(alt_load.o)
 .debug_info    0x00000000000007b8      0x169 ../nios_1_bsp/\libhal_bsp.a(alt_main.o)
 .debug_info    0x0000000000000921       0xd1 ../nios_1_bsp/\libhal_bsp.a(alt_usleep.o)
 .debug_info    0x00000000000009f2      0x185 ../nios_1_bsp/\libhal_bsp.a(alt_sys_init.o)
 .debug_info    0x0000000000000b77       0xd8 ../nios_1_bsp/\libhal_bsp.a(alt_busy_sleep.o)
 .debug_info    0x0000000000000c4f       0x92 ../nios_1_bsp/\libhal_bsp.a(alt_dcache_flush_all.o)
 .debug_info    0x0000000000000ce1       0x92 ../nios_1_bsp/\libhal_bsp.a(alt_icache_flush_all.o)
 .debug_info    0x0000000000000d73       0x92 ../nios_1_bsp/\libhal_bsp.a(altera_nios2_gen2_irq.o)
 .debug_info    0x0000000000000e05      0x2c6 c:/intelfpga_lite/18.1/nios2eds/bin/gnu/h-x86_64-mingw32/bin/../lib/gcc/nios2-elf/5.3.0/mno-hw-mul\libgcc.a(lib2-divmod.o)

.debug_abbrev   0x0000000000000000      0x809
 *(.debug_abbrev)
 .debug_abbrev  0x0000000000000000       0x12 ../nios_1_bsp//obj/HAL/src/crt0.o
 .debug_abbrev  0x0000000000000012      0x1cd obj/default/hello_world_small.o
 .debug_abbrev  0x00000000000001df       0x6f c:/intelfpga_lite/18.1/nios2eds/bin/gnu/h-x86_64-mingw32/bin/../lib/gcc/nios2-elf/5.3.0/mno-hw-mul\libgcc.a(lib2-mul.o)
 .debug_abbrev  0x000000000000024e       0xd8 ../nios_1_bsp/\libhal_bsp.a(alt_load.o)
 .debug_abbrev  0x0000000000000326       0xee ../nios_1_bsp/\libhal_bsp.a(alt_main.o)
 .debug_abbrev  0x0000000000000414       0x8d ../nios_1_bsp/\libhal_bsp.a(alt_usleep.o)
 .debug_abbrev  0x00000000000004a1      0x107 ../nios_1_bsp/\libhal_bsp.a(alt_sys_init.o)
 .debug_abbrev  0x00000000000005a8       0x8d ../nios_1_bsp/\libhal_bsp.a(alt_busy_sleep.o)
 .debug_abbrev  0x0000000000000635       0x42 ../nios_1_bsp/\libhal_bsp.a(alt_dcache_flush_all.o)
 .debug_abbrev  0x0000000000000677       0x42 ../nios_1_bsp/\libhal_bsp.a(alt_icache_flush_all.o)
 .debug_abbrev  0x00000000000006b9       0x42 ../nios_1_bsp/\libhal_bsp.a(altera_nios2_gen2_irq.o)
 .debug_abbrev  0x00000000000006fb      0x10e c:/intelfpga_lite/18.1/nios2eds/bin/gnu/h-x86_64-mingw32/bin/../lib/gcc/nios2-elf/5.3.0/mno-hw-mul\libgcc.a(lib2-divmod.o)

.debug_line     0x0000000000000000      0x834
 *(.debug_line)
 .debug_line    0x0000000000000000       0x66 ../nios_1_bsp//obj/HAL/src/crt0.o
 .debug_line    0x0000000000000066      0x177 obj/default/hello_world_small.o
 .debug_line    0x00000000000001dd       0x80 c:/intelfpga_lite/18.1/nios2eds/bin/gnu/h-x86_64-mingw32/bin/../lib/gcc/nios2-elf/5.3.0/mno-hw-mul\libgcc.a(lib2-mul.o)
 .debug_line    0x000000000000025d       0xa4 ../nios_1_bsp/\libhal_bsp.a(alt_load.o)
 .debug_line    0x0000000000000301       0xbd ../nios_1_bsp/\libhal_bsp.a(alt_main.o)
 .debug_line    0x00000000000003be       0xcf ../nios_1_bsp/\libhal_bsp.a(alt_usleep.o)
 .debug_line    0x000000000000048d      0x101 ../nios_1_bsp/\libhal_bsp.a(alt_sys_init.o)
 .debug_line    0x000000000000058e       0xb5 ../nios_1_bsp/\libhal_bsp.a(alt_busy_sleep.o)
 .debug_line    0x0000000000000643       0x4e ../nios_1_bsp/\libhal_bsp.a(alt_dcache_flush_all.o)
 .debug_line    0x0000000000000691       0x4e ../nios_1_bsp/\libhal_bsp.a(alt_icache_flush_all.o)
 .debug_line    0x00000000000006df       0x50 ../nios_1_bsp/\libhal_bsp.a(altera_nios2_gen2_irq.o)
 .debug_line    0x000000000000072f      0x105 c:/intelfpga_lite/18.1/nios2eds/bin/gnu/h-x86_64-mingw32/bin/../lib/gcc/nios2-elf/5.3.0/mno-hw-mul\libgcc.a(lib2-divmod.o)

.debug_frame    0x0000000000000000      0x29c
 *(.debug_frame)
 .debug_frame   0x0000000000000000       0xe4 obj/default/hello_world_small.o
 .debug_frame   0x00000000000000e4       0x20 c:/intelfpga_lite/18.1/nios2eds/bin/gnu/h-x86_64-mingw32/bin/../lib/gcc/nios2-elf/5.3.0/mno-hw-mul\libgcc.a(lib2-mul.o)
 .debug_frame   0x0000000000000104       0x30 ../nios_1_bsp/\libhal_bsp.a(alt_load.o)
 .debug_frame   0x0000000000000134       0x2c ../nios_1_bsp/\libhal_bsp.a(alt_main.o)
 .debug_frame   0x0000000000000160       0x20 ../nios_1_bsp/\libhal_bsp.a(alt_usleep.o)
 .debug_frame   0x0000000000000180       0x3c ../nios_1_bsp/\libhal_bsp.a(alt_sys_init.o)
 .debug_frame   0x00000000000001bc       0x30 ../nios_1_bsp/\libhal_bsp.a(alt_busy_sleep.o)
 .debug_frame   0x00000000000001ec       0x20 ../nios_1_bsp/\libhal_bsp.a(alt_dcache_flush_all.o)
 .debug_frame   0x000000000000020c       0x20 ../nios_1_bsp/\libhal_bsp.a(alt_icache_flush_all.o)
 .debug_frame   0x000000000000022c       0x20 ../nios_1_bsp/\libhal_bsp.a(altera_nios2_gen2_irq.o)
 .debug_frame   0x000000000000024c       0x50 c:/intelfpga_lite/18.1/nios2eds/bin/gnu/h-x86_64-mingw32/bin/../lib/gcc/nios2-elf/5.3.0/mno-hw-mul\libgcc.a(lib2-divmod.o)

.debug_str      0x0000000000000000      0x6ea
 *(.debug_str)
 .debug_str     0x0000000000000000      0x1c8 obj/default/hello_world_small.o
                                        0x206 (size before relaxing)
 .debug_str     0x00000000000001c8      0x148 c:/intelfpga_lite/18.1/nios2eds/bin/gnu/h-x86_64-mingw32/bin/../lib/gcc/nios2-elf/5.3.0/mno-hw-mul\libgcc.a(lib2-mul.o)
                                        0x193 (size before relaxing)
 .debug_str     0x0000000000000310      0x166 ../nios_1_bsp/\libhal_bsp.a(alt_load.o)
                                        0x24d (size before relaxing)
 .debug_str     0x0000000000000476       0x8f ../nios_1_bsp/\libhal_bsp.a(alt_main.o)
                                        0x1c6 (size before relaxing)
 .debug_str     0x0000000000000505       0x2f ../nios_1_bsp/\libhal_bsp.a(alt_usleep.o)
                                        0x168 (size before relaxing)
 .debug_str     0x0000000000000534       0xa6 ../nios_1_bsp/\libhal_bsp.a(alt_sys_init.o)
                                        0x230 (size before relaxing)
 .debug_str     0x00000000000005da       0x33 ../nios_1_bsp/\libhal_bsp.a(alt_busy_sleep.o)
                                        0x17c (size before relaxing)
 .debug_str     0x000000000000060d       0x1f ../nios_1_bsp/\libhal_bsp.a(alt_dcache_flush_all.o)
                                        0x166 (size before relaxing)
 .debug_str     0x000000000000062c       0x1f ../nios_1_bsp/\libhal_bsp.a(alt_icache_flush_all.o)
                                        0x166 (size before relaxing)
 .debug_str     0x000000000000064b       0x20 ../nios_1_bsp/\libhal_bsp.a(altera_nios2_gen2_irq.o)
                                        0x16d (size before relaxing)
 .debug_str     0x000000000000066b       0x7f c:/intelfpga_lite/18.1/nios2eds/bin/gnu/h-x86_64-mingw32/bin/../lib/gcc/nios2-elf/5.3.0/mno-hw-mul\libgcc.a(lib2-divmod.o)
                                        0x1d2 (size before relaxing)

.debug_loc      0x0000000000000000      0x832
 *(.debug_loc)
 .debug_loc     0x0000000000000000      0x228 obj/default/hello_world_small.o
 .debug_loc     0x0000000000000228       0x93 c:/intelfpga_lite/18.1/nios2eds/bin/gnu/h-x86_64-mingw32/bin/../lib/gcc/nios2-elf/5.3.0/mno-hw-mul\libgcc.a(lib2-mul.o)
 .debug_loc     0x00000000000002bb       0x21 ../nios_1_bsp/\libhal_bsp.a(alt_usleep.o)
 .debug_loc     0x00000000000002dc       0x21 ../nios_1_bsp/\libhal_bsp.a(alt_sys_init.o)
 .debug_loc     0x00000000000002fd       0x67 ../nios_1_bsp/\libhal_bsp.a(alt_busy_sleep.o)
 .debug_loc     0x0000000000000364      0x4ce c:/intelfpga_lite/18.1/nios2eds/bin/gnu/h-x86_64-mingw32/bin/../lib/gcc/nios2-elf/5.3.0/mno-hw-mul\libgcc.a(lib2-divmod.o)

.debug_macinfo
 *(.debug_macinfo)

.debug_weaknames
 *(.debug_weaknames)

.debug_funcnames
 *(.debug_funcnames)

.debug_typenames
 *(.debug_typenames)

.debug_varnames
 *(.debug_varnames)

.debug_alt_sim_info
                0x0000000000000000       0x40
 *(.debug_alt_sim_info)
 .debug_alt_sim_info
                0x0000000000000000       0x10 ../nios_1_bsp//obj/HAL/src/crt0.o
 .debug_alt_sim_info
                0x0000000000000010       0x30 ../nios_1_bsp/\libhal_bsp.a(alt_busy_sleep.o)
                0x000000000000d320                __alt_data_end = 0xd320
                0x000000000000d320                PROVIDE (__alt_stack_pointer, __alt_data_end)
                [!provide]                        PROVIDE (__alt_stack_limit, __alt_stack_base)
                [!provide]                        PROVIDE (__alt_heap_start, end)
                [!provide]                        PROVIDE (__alt_heap_limit, 0xd320)
OUTPUT(nios_1.elf elf32-littlenios2)

.debug_ranges   0x0000000000000000       0xf8
 .debug_ranges  0x0000000000000000       0x20 ../nios_1_bsp//obj/HAL/src/crt0.o
 .debug_ranges  0x0000000000000020       0x30 obj/default/hello_world_small.o
 .debug_ranges  0x0000000000000050       0x48 ../nios_1_bsp/\libhal_bsp.a(alt_load.o)
 .debug_ranges  0x0000000000000098       0x60 c:/intelfpga_lite/18.1/nios2eds/bin/gnu/h-x86_64-mingw32/bin/../lib/gcc/nios2-elf/5.3.0/mno-hw-mul\libgcc.a(lib2-divmod.o)
